// Jest Snapshot v1, https://goo.gl/fbAQLP

exports[`change-auth-state-link should be rendered correctly 1`] = `
<DocumentFragment>
  <a
    class="MuiTypography-root MuiTypography-body2 MuiLink-root MuiLink-underlineAlways css-wpssva-MuiTypography-root-MuiLink-root"
    href="#"
  >
    LinkLabel
  </a>
</DocumentFragment>
`;
