// Jest Snapshot v1, https://goo.gl/fbAQLP

exports[`form-section should be rendered correctly 1`] = `
<DocumentFragment>
  <div
    class="MuiContainer-root MuiContainer-maxWidthXs css-nzinn5-MuiContainer-root"
  >
    <div
      class="MuiPaper-root MuiPaper-elevation MuiPaper-rounded MuiPaper-elevation1 makeStyles-paper-1 css-1ps6pg7-MuiPaper-root"
    >
      <div />
    </div>
  </div>
</DocumentFragment>
`;
