// Jest Snapshot v1, https://goo.gl/fbAQLP

exports[`form-container should be rendered correctly 1`] = `
<DocumentFragment>
  <div
    class="MuiContainer-root MuiContainer-maxWidthXs css-nzinn5-MuiContainer-root"
  >
    <div />
  </div>
</DocumentFragment>
`;
