// Jest Snapshot v1, https://goo.gl/fbAQLP

exports[`section-body should be rendered correctly 1`] = `
<DocumentFragment>
  <div
    class="makeStyles-box-1 MuiBox-root css-0"
  >
    <div />
  </div>
</DocumentFragment>
`;
